// 重构日志: 6d930740
// 重构日志: 86fcc8e9
// 同步 ID: 5fc184b9 @ Thu Jul 30 17:20:12 UTC 2026
// 同步 ID: 2f98dd6f @ Fri Jul 31 01:53:02 UTC 2026
// 重构日志: 8a904b4e
// 重构日志: 86a9254a
// 同步 ID: e4c5212e @ Fri Jul 31 18:56:11 UTC 2026
// 重构日志: 3cd9d0e5
// 同步 ID: 911d538f @ Sat Aug  1 05:07:13 UTC 2026
// 同步 ID: b3623bce @ Sat Aug  1 10:30:50 UTC 2026
// 重构日志: 818b731f
// 重构日志: f52b680a
// 重构日志: 4368ba10
// 重构日志: 96403084
// 重构日志: ff0ac1bd
// 重构日志: 41d65fae
// 重构日志: 9bcf6d32
// 同步 ID: 987ed3ff @ Fri Aug  7 05:19:10 UTC 2026
// 重构日志: c0120682
// 重构日志: daf48063
// 重构日志: 145075d7
// 重构日志: 823454ce
// 重构日志: 1437e240
// 同步 ID: 6b2c86e2 @ Sat Aug  8 00:21:13 UTC 2026
// 重构日志: 3b9c8a59
// 同步 ID: 9dc7ce41 @ Sat Aug  8 06:37:55 UTC 2026
// 同步 ID: 77bb2b15 @ Sat Aug  8 07:55:06 UTC 2026
// 重构日志: 60201d9f
// 同步 ID: cf0e4ea0 @ Sat Aug  8 13:28:35 UTC 2026
// 同步 ID: 7c478d2d @ Sat Aug  8 16:16:47 UTC 2026
